1.1 Լոնդոնը Միացյալ Թագավորության մեծ քաղաք է։
1.2 Ո՞վ է Ֆրանսիայի նախագահը։
1.3 Ո՞րն է Միացյալ Նահանգների մայրաքաղաքը։
1.4 Ե՞րբ է ծնվել Բարաք Օբաման։
